should set sane default configuration:
  1: |
    |
      bindaddress = "[::]:8443"
      ldapbindaddress = "[::]:3636"
      trust_x_forward_for = true
      tls_chain = "/certs/tls.crt"
      tls_key = "/certs/tls.key"
      db_path = "/data/kanidm.db"
      domain = "idm.example.com"
      origin = "https://web.idm.example.com"
      [online_backup]
      path = "/data/backups"
      schedule = "00 00 * * *"
